some errors
another errors